// Jest Snapshot v1, https://goo.gl/fbAQLP

exports[`Test Postmenu Postmenu snapshot 1`] = `
ShallowWrapper {
  Symbol(enzyme.__root__): [Circular],
  Symbol(enzyme.__unrendered__): <Postmenu
    onChange={[MockFunction]}
    onSubmit={[MockFunction]}
  />,
  Symbol(enzyme.__renderer__): Object {
    "batchedUpdates": [Function],
    "checkPropTypes": [Function],
    "getNode": [Function],
    "render": [Function],
    "simulateError": [Function],
    "simulateEvent": [Function],
    "unmount": [Function],
  },
  Symbol(enzyme.__node__): Object {
    "instance": null,
    "key": undefined,
    "nodeType": "function",
    "props": Object {
      "children": Array [
        <Navbar
          active="false"
          isOpen={false}
          onClick={[Function]}
        />,
        ",",
        <PostForm
          onChange={[Function]}
          onSubmit={[Function]}
        />,
      ],
    },
    "ref": null,
    "rendered": Array [
      Object {
        "instance": null,
        "key": undefined,
        "nodeType": "function",
        "props": Object {
          "active": "false",
          "isOpen": false,
          "onClick": [Function],
        },
        "ref": null,
        "rendered": null,
        "type": [Function],
      },
      ",",
      Object {
        "instance": null,
        "key": undefined,
        "nodeType": "function",
        "props": Object {
          "onChange": [Function],
          "onSubmit": [Function],
        },
        "ref": null,
        "rendered": null,
        "type": [Function],
      },
    ],
    "type": Symbol(react.fragment),
  },
  Symbol(enzyme.__nodes__): Array [
    Object {
      "instance": null,
      "key": undefined,
      "nodeType": "function",
      "props": Object {
        "children": Array [
          <Navbar
            active="false"
            isOpen={false}
            onClick={[Function]}
          />,
          ",",
          <PostForm
            onChange={[Function]}
            onSubmit={[Function]}
          />,
        ],
      },
      "ref": null,
      "rendered": Array [
        Object {
          "instance": null,
          "key": undefined,
          "nodeType": "function",
          "props": Object {
            "active": "false",
            "isOpen": false,
            "onClick": [Function],
          },
          "ref": null,
          "rendered": null,
          "type": [Function],
        },
        ",",
        Object {
          "instance": null,
          "key": undefined,
          "nodeType": "function",
          "props": Object {
            "onChange": [Function],
            "onSubmit": [Function],
          },
          "ref": null,
          "rendered": null,
          "type": [Function],
        },
      ],
      "type": Symbol(react.fragment),
    },
  ],
  Symbol(enzyme.__options__): Object {
    "adapter": ReactSixteenAdapter {
      "options": Object {
        "enableComponentDidUpdateOnSetState": true,
        "legacyContextMode": "parent",
        "lifecycles": Object {
          "componentDidUpdate": Object {
            "onSetState": true,
          },
          "getChildContext": Object {
            "calledByRenderer": false,
          },
          "getDerivedStateFromProps": true,
          "getSnapshotBeforeUpdate": true,
          "setState": Object {
            "skipsComponentDidUpdateOnNullish": true,
          },
        },
      },
    },
  },
}
`;
